Initializing RecipeIntelligence (loading models)...
DEBUG: SetTransformer load failed: Error(s) in loading state_dict for SetTransformer:
	size mismatch for dec.1.weight: copying a param with shape torch.Size([1, 128]) from checkpoint, the shape in current model is torch.Size([128, 128]).
	size mismatch for dec.1.bias: copying a param with shape torch.Size([1]) from checkpoint, the shape in current model is torch.Size([128]).

[TEST 1] Set Transformer / Embedding Check
[FAIL] Set Transformer NOT Loaded (or file missing)

[TEST 2] LightGBM Ranker Check
[OK] LightGBM Ranker Loaded
   Model: <lightgbm.basic.Booster object at 0x000001A6944EB820>

[TEST 3] Recommendation Logic
   Input: ['milk', 'eggs', 'flour']
   Output (3 recipes):
     - Classic Pancakes (Score: 0.3000, Match: 3/5)
     - Scrambled Eggs (Score: 0.3000, Match: 1/4)
     - Banana Smoothie (Score: 0.3000, Match: 1/3)

[OK] Intelligence Pipeline is FUNCTIONAL (producing scores).
